// Jest Snapshot v1, https://goo.gl/fbAQLP

exports[`Testing to <AppRouter /> should to show login if is not authenticated 1`] = `
<div>
  <div
    className="container mt-5"
  >
    <h1>
      Login
    </h1>
    <hr />
    <button
      className="btn btn-info"
      onClick={[Function]}
    >
      Log in
    </button>
  </div>
</div>
`;
